
> uman-event-manager-web@0.1.0 format
> prettier --write src tests package.json vite.config.ts playwright.config.ts

src/app/development-singleton.ts 45ms (unchanged)
src/app/event.tsx 40ms (unchanged)
src/app/session.tsx 11ms (unchanged)
src/app/shell.tsx 25ms (unchanged)
src/app/use-debounced.ts 3ms (unchanged)
src/components/draft-indicator.tsx 10ms (unchanged)
src/components/event-fields.tsx 15ms (unchanged)
src/components/icon.tsx 6ms (unchanged)
src/components/record-value.tsx 16ms (unchanged)
src/components/relation-picker.tsx 11ms (unchanged)
src/components/route-error.tsx 3ms (unchanged)
src/components/states.tsx 6ms (unchanged)
src/data/client.ts 5ms (unchanged)
src/data/repository.ts 31ms (unchanged)
src/design-system/styles.css 137ms (unchanged)
src/design-system/tokens.css 9ms (unchanged)
src/domain/catalog.ts 41ms (unchanged)
src/domain/drafts.ts 6ms (unchanged)
src/domain/event-setup.ts 10ms (unchanged)
src/domain/model.ts 18ms (unchanged)
src/domain/stay.ts 13ms (unchanged)
src/domain/validation.ts 15ms (unchanged)
src/features/auth.tsx 23ms (unchanged)
src/features/availability.tsx 3ms (unchanged)
src/features/create-event.tsx 15ms (unchanged)
src/features/editor.tsx 41ms (unchanged)
src/features/entity.tsx 26ms (unchanged)
src/features/operations.tsx 36ms (unchanged)
src/features/record-details.tsx 11ms (unchanged)
src/features/settings.tsx 13ms (unchanged)
src/features/stay-actions.tsx 23ms (unchanged)
src/features/stay-board.tsx 30ms (unchanged)
src/i18n/messages.ts 46ms (unchanged)
src/i18n/provider.tsx 9ms (unchanged)
src/main.tsx 12ms (unchanged)
tests/accommodation-db.mjs 38ms (unchanged)
tests/database.mjs 24ms
tests/domain.test.ts 14ms (unchanged)
tests/drafts-db.mjs 14ms
tests/drafts.test.ts 8ms
tests/e2e/event-setup.spec.ts 12ms (unchanged)
tests/e2e/fixture.ts 30ms (unchanged)
tests/e2e/stay.spec.ts 12ms (unchanged)
tests/e2e/workflows.spec.ts 25ms (unchanged)
tests/event-setup-db.mjs 8ms (unchanged)
tests/event-setup.test.ts 4ms (unchanged)
tests/hmr-server.mjs 3ms (unchanged)
tests/hmr/hot-reload.spec.ts 3ms (unchanged)
tests/repository.test.ts 5ms (unchanged)
tests/setup.ts 1ms (unchanged)
tests/stay.test.ts 9ms (unchanged)
package.json 2ms (unchanged)
vite.config.ts 2ms (unchanged)
playwright.config.ts 1ms (unchanged)
